Archive member included because of file (symbol)

D:/Programs_x64/Freescale/CW MCU v10.5/MCU/ARM_GCC_Support/ewl/lib/armv6-m\libc.a(alloc.o)
                              ./Sources/SPI.o (malloc)
D:/Programs_x64/Freescale/CW MCU v10.5/MCU/ARM_GCC_Support/ewl/lib/armv6-m\libc.a(exit.o)
                              ./Project_Settings/Startup_Code/__arm_start.o (exit)
D:/Programs_x64/Freescale/CW MCU v10.5/MCU/ARM_GCC_Support/ewl/lib/armv6-m\libc.a(memcpy.o)
                              ./Sources/ADC.o (memcpy)
D:/Programs_x64/Freescale/CW MCU v10.5/MCU/ARM_GCC_Support/ewl/lib/armv6-m\libc.a(memset.o)
                              ./Project_Settings/Startup_Code/__arm_start.o (memset)
D:/Programs_x64/Freescale/CW MCU v10.5/MCU/ARM_GCC_Support/ewl/lib/armv6-m\libc.a(printformat_.o)
                              (__pformatter_)
D:/Programs_x64/Freescale/CW MCU v10.5/MCU/ARM_GCC_Support/ewl/lib/armv6-m\libc.a(scanformat_.o)
                              (__sformatter)
D:/Programs_x64/Freescale/CW MCU v10.5/MCU/ARM_GCC_Support/ewl/lib/armv6-m\libc.a(ctype_aeabi.o)
                              D:/Programs_x64/Freescale/CW MCU v10.5/MCU/ARM_GCC_Support/ewl/lib/armv6-m\libc.a(scanformat_.o) (isspace)
D:/Programs_x64/Freescale/CW MCU v10.5/MCU/ARM_GCC_Support/ewl/lib/armv6-m\libc.a(__strtoul.o)
                              D:/Programs_x64/Freescale/CW MCU v10.5/MCU/ARM_GCC_Support/ewl/lib/armv6-m\libc.a(scanformat_.o) (__strtoul)
D:/Programs_x64/Freescale/CW MCU v10.5/MCU/ARM_GCC_Support/ewl/lib/armv6-m\libc.a(__filll_mem.o)
                              D:/Programs_x64/Freescale/CW MCU v10.5/MCU/ARM_GCC_Support/ewl/lib/armv6-m\libc.a(memset.o) (__fill_mem)
D:/Programs_x64/Freescale/CW MCU v10.5/MCU/ARM_GCC_Support/ewl/lib/armv6-m\libc.a(memchr.o)
                              D:/Programs_x64/Freescale/CW MCU v10.5/MCU/ARM_GCC_Support/ewl/lib/armv6-m\libc.a(printformat_.o) (memchr)
D:/Programs_x64/Freescale/CW MCU v10.5/MCU/ARM_GCC_Support/ewl/lib/armv6-m\libc.a(strchr.o)
                              D:/Programs_x64/Freescale/CW MCU v10.5/MCU/ARM_GCC_Support/ewl/lib/armv6-m\libc.a(printformat_.o) (strchr)
D:/Programs_x64/Freescale/CW MCU v10.5/MCU/ARM_GCC_Support/ewl/lib/armv6-m\libc.a(strlen.o)
                              D:/Programs_x64/Freescale/CW MCU v10.5/MCU/ARM_GCC_Support/ewl/lib/armv6-m\libc.a(printformat_.o) (strlen)
d:/programs_x64/freescale/cw mcu v10.5/cross_tools/arm-none-eabi-gcc-4_7_3/bin/../lib/gcc/arm-none-eabi/4.7.3/armv6-m\libgcc.a(_thumb1_case_sqi.o)
                              D:/Programs_x64/Freescale/CW MCU v10.5/MCU/ARM_GCC_Support/ewl/lib/armv6-m\libc.a(__strtoul.o) (__gnu_thumb1_case_sqi)
d:/programs_x64/freescale/cw mcu v10.5/cross_tools/arm-none-eabi-gcc-4_7_3/bin/../lib/gcc/arm-none-eabi/4.7.3/armv6-m\libgcc.a(_thumb1_case_uqi.o)
                              D:/Programs_x64/Freescale/CW MCU v10.5/MCU/ARM_GCC_Support/ewl/lib/armv6-m\libc.a(scanformat_.o) (__gnu_thumb1_case_uqi)
d:/programs_x64/freescale/cw mcu v10.5/cross_tools/arm-none-eabi-gcc-4_7_3/bin/../lib/gcc/arm-none-eabi/4.7.3/armv6-m\libgcc.a(_udivsi3.o)
                              D:/Programs_x64/Freescale/CW MCU v10.5/MCU/ARM_GCC_Support/ewl/lib/armv6-m\libc.a(alloc.o) (__aeabi_uidiv)
d:/programs_x64/freescale/cw mcu v10.5/cross_tools/arm-none-eabi-gcc-4_7_3/bin/../lib/gcc/arm-none-eabi/4.7.3/armv6-m\libgcc.a(_dvmd_tls.o)
                              d:/programs_x64/freescale/cw mcu v10.5/cross_tools/arm-none-eabi-gcc-4_7_3/bin/../lib/gcc/arm-none-eabi/4.7.3/armv6-m\libgcc.a(_udivsi3.o) (__aeabi_idiv0)
D:/Programs_x64/Freescale/CW MCU v10.5/MCU/ARM_GCC_Support/ewl/lib/armv6-m\librt.a(gcc_ctor_dtor.o)
                              ./Project_Settings/Startup_Code/__arm_start.o (__init_cpp)
D:/Programs_x64/Freescale/CW MCU v10.5/MCU/ARM_GCC_Support/ewl/lib/armv6-m\librt.a(ROMCopy.o)
                              ./Project_Settings/Startup_Code/__arm_start.o (__copy_rom_sections_to_ram)
D:/Programs_x64/Freescale/CW MCU v10.5/MCU/ARM_GCC_Support/ewl/lib/armv6-m\librt.a(__arm_eabi_init.o)
                              D:/Programs_x64/Freescale/CW MCU v10.5/MCU/ARM_GCC_Support/ewl/lib/armv6-m\libc.a(exit.o) (__destroy_global_chain)

Allocating common symbols
Common symbol       size              file

portC4DevData       0x4               ./Sources/Utilities.o
slaveSPITxDMADevData
                    0x4               ./Sources/Utilities.o
tARM                0x1980            ./Sources/Utilities.o
tADC                0x68              ./Sources/Utilities.o
slaveSPI1DevData    0x4               ./Sources/Utilities.o
tADCPtr             0x8               ./Sources/Utilities.o
masterSPITxDMADevData
                    0x4               ./Sources/Utilities.o
masterSPI0DevData   0x4               ./Sources/Utilities.o
dmaControllerDevData
                    0x4               ./Sources/Utilities.o
portA5DevData       0x4               ./Sources/Utilities.o
portC8DevData       0x4               ./Sources/Utilities.o
[...]
Memory Configuration

Name             Origin             Length             Attributes
m_interrupts     0x00000000         0x000000c0         xr
m_text_000000C0  0x000000c0         0x00000340         xr
m_text           0x00000410         0x0001fbf0         xr
m_data           0x1ffff000         0x00004000         rw
m_cfmprotrom     0x00000400         0x00000010         xr
*default*        0x00000000         0xffffffff

Linker script and memory map

LOAD ./Generated_Code/Vectors.o
LOAD ./Generated_Code/SysTick.o
LOAD ./Generated_Code/SS_SPI1.o
LOAD ./Generated_Code/SM_SPI0.o
LOAD ./Generated_Code/PE_LDD.o
LOAD ./Generated_Code/EINT_SYNC_INT.o
LOAD ./Generated_Code/EINT_AD_NOT_DRDY1.o
LOAD ./Generated_Code/EINT_AD_NOT_DRDY0.o
LOAD ./Generated_Code/DMA_CTRL.o
LOAD ./Generated_Code/DMAT_S_SPI_TX.o
LOAD ./Generated_Code/DMAT_S_SPI_RX.o
LOAD ./Generated_Code/DMAT_M_SPI_TX.o
LOAD ./Generated_Code/DMAT_M_SPI_RX.o
LOAD ./Generated_Code/Cpu.o
LOAD ./Generated_Code/BitIO_UPRDY.o
LOAD ./Generated_Code/BitIO_AD_START1.o
LOAD ./Generated_Code/BitIO_AD_START0.o
LOAD ./Generated_Code/BitIO_AD_NOT_RESET1.o
LOAD ./Generated_Code/BitIO_AD_NOT_RESET0.o
LOAD ./Generated_Code/BitIO_AD_NOT_CS1.o
LOAD ./Generated_Code/BitIO_AD_NOT_CS0.o
LOAD ./Project_Settings/Startup_Code/__arm_start.o
LOAD ./Project_Settings/Startup_Code/__arm_end.o
LOAD ./Sources/sa_mtb.o
LOAD ./Sources/Utilities.o
LOAD ./Sources/SPI.o
LOAD ./Sources/ProcessorExpert.o
LOAD ./Sources/Process.o
LOAD ./Sources/Macros.o
LOAD ./Sources/Init.o
LOAD ./Sources/Events.o
LOAD ./Sources/ADC.o
                0x00003240                __pformatter = __pformatter_
                [0x00003668]                __sformatter = __sformatter
START GROUP
LOAD D:/Programs_x64/Freescale/CW MCU v10.5/MCU/ARM_GCC_Support/ewl/lib/armv6-m\libc.a
LOAD D:/Programs_x64/Freescale/CW MCU v10.5/MCU/ARM_GCC_Support/ewl/lib/armv6-m\libm.a
LOAD d:/programs_x64/freescale/cw mcu v10.5/cross_tools/arm-none-eabi-gcc-4_7_3/bin/../lib/gcc/arm-none-eabi/4.7.3/armv6-m\libgcc.a
LOAD D:/Programs_x64/Freescale/CW MCU v10.5/MCU/ARM_GCC_Support/ewl/lib/armv6-m\librt.a
LOAD D:/Programs_x64/Freescale/CW MCU v10.5/MCU/ARM_GCC_Support/ewl/lib/armv6-m\libuart.a
END GROUP
                0x20003000                _estack = 0x20003000
                0x20003000                __SP_INIT = _estack
                0x00000200                __heap_size = 0x200
                0x00000200                __stack_size = 0x200

.interrupts     0x00000000       0xc0
                0x00000000                __vector_table = .
                0x00000000                . = ALIGN (0x4)
 *(.vectortable)
 .vectortable   0x00000000       0xc0 ./Generated_Code/Vectors.o
                0x00000000                __vect_table
                0x000000c0                . = ALIGN (0x4)

.cfmprotect     0x00000400       0x10
                0x00000400                . = ALIGN (0x4)
 *(.cfmconfig)
 .cfmconfig     0x00000400       0x10 ./Generated_Code/Cpu.o
                0x00000400                _cfm
                0x00000410                . = ALIGN (0x4)

.text           0x00000410     0x3e48
                0x00000410                . = ALIGN (0x4)
 *(.text)
 .text          0x00000410       0x14 d:/programs_x64/freescale/cw mcu v10.5/cross_tools/arm-none-eabi-gcc-4_7_3/bin/../lib/gcc/arm-none-eabi/4.7.3/armv6-m\libgcc.a(_thumb1_case_sqi.o)
                0x00000410                __gnu_thumb1_case_sqi
 .text          0x00000424       0x14 d:/programs_x64/freescale/cw mcu v10.5/cross_tools/arm-none-eabi-gcc-4_7_3/bin/../lib/gcc/arm-none-eabi/4.7.3/armv6-m\libgcc.a(_thumb1_case_uqi.o)
                0x00000424                __gnu_thumb1_case_uqi
 .text          0x00000438       0x9c d:/programs_x64/freescale/cw mcu v10.5/cross_tools/arm-none-eabi-gcc-4_7_3/bin/../lib/gcc/arm-none-eabi/4.7.3/armv6-m\libgcc.a(_udivsi3.o)
                0x00000438                __aeabi_uidiv
                0x00000438                __udivsi3
                0x000004c0                __aeabi_uidivmod
 .text          0x000004d4        0x4 d:/programs_x64/freescale/cw mcu v10.5/cross_tools/arm-none-eabi-gcc-4_7_3/bin/../lib/gcc/arm-none-eabi/4.7.3/armv6-m\libgcc.a(_dvmd_tls.o)
                0x000004d4                __aeabi_idiv0
                0x000004d4                __aeabi_ldiv0
 *(.text*)
 .text.SysTick_Init
                0x000004d8       0x14 ./Generated_Code/SysTick.o
                0x000004d8                SysTick_Init
 .text.SS_SPI1_Init
                0x000004ec       0x80 ./Generated_Code/SS_SPI1.o
                0x000004ec                SS_SPI1_Init
 .text.SS_SPI1_Enable
                0x0000056c       0x20 ./Generated_Code/SS_SPI1.o
                0x0000056c                SS_SPI1_Enable
 .text.SM_SPI0_Init
                0x0000058c       0x7c ./Generated_Code/SM_SPI0.o
                0x0000058c                SM_SPI0_Init
 .text.SM_SPI0_Enable
                0x00000608       0x28 ./Generated_Code/SM_SPI0.o
                0x00000608                SM_SPI0_Enable
 .text.SM_SPI0_ReceiveBlock
                0x00000630       0x3c ./Generated_Code/SM_SPI0.o
                0x00000630                SM_SPI0_ReceiveBlock
 .text.SM_SPI0_SendBlock
                0x0000066c       0x28 ./Generated_Code/SM_SPI0.o
                0x0000066c                SM_SPI0_SendBlock
 .text.SM_SPI0_GetBlockSentStatus
                0x00000694       0x10 ./Generated_Code/SM_SPI0.o
                0x00000694                SM_SPI0_GetBlockSentStatus
 .text.SM_SPI0_GetBlockReceivedStatus
                0x000006a4       0x10 ./Generated_Code/SM_SPI0.o
                0x000006a4                SM_SPI0_GetBlockReceivedStatus
 .text.SM_SPI0_Main
                0x000006b4       0x74 ./Generated_Code/SM_SPI0.o
                0x000006b4                SM_SPI0_Main
 .text.EINT_SYNC_INT_Init
                0x00000728       0x60 ./Generated_Code/EINT_SYNC_INT.o
                0x00000728                EINT_SYNC_INT_Init
 .text.EINT_SYNC_INT_Enable
                0x00000788       0x28 ./Generated_Code/EINT_SYNC_INT.o
                0x00000788                EINT_SYNC_INT_Enable
 .text.EINT_SYNC_INT_Interrupt
                0x000007b0       0x30 ./Generated_Code/EINT_SYNC_INT.o
                0x000007b0                EINT_SYNC_INT_Interrupt
 .text.EINT_AD_NOT_DRDY1_Init
                0x000007e0       0x5c ./Generated_Code/EINT_AD_NOT_DRDY1.o
                0x000007e0                EINT_AD_NOT_DRDY1_Init
 .text.EINT_AD_NOT_DRDY0_Init
                0x0000083c       0x60 ./Generated_Code/EINT_AD_NOT_DRDY0.o
                0x0000083c                EINT_AD_NOT_DRDY0_Init
 .text.EINT_AD_NOT_DRDY0_Enable
                0x0000089c       0x28 ./Generated_Code/EINT_AD_NOT_DRDY0.o
                0x0000089c                EINT_AD_NOT_DRDY0_Enable
 .text.EINT_AD_NOT_DRDY0_Interrupt
                0x000008c4       0x30 ./Generated_Code/EINT_AD_NOT_DRDY0.o
                0x000008c4                EINT_AD_NOT_DRDY0_Interrupt
 .text.DMA_CTRL_Init
                0x000008f4      0x164 ./Generated_Code/DMA_CTRL.o
                0x000008f4                DMA_CTRL_Init
 .text.DMA_CTRL_Enable
                0x00000a58        0x8 ./Generated_Code/DMA_CTRL.o
                0x00000a58                DMA_CTRL_Enable
 .text.DMA_CTRL_AllocateChannel
                0x00000a60       0x2c ./Generated_Code/DMA_CTRL.o
                0x00000a60                DMA_CTRL_AllocateChannel
 .text.DMA_CTRL_EnableChannel
                0x00000a8c      0x380 ./Generated_Code/DMA_CTRL.o
                0x00000a8c                DMA_CTRL_EnableChannel
 .text.DMA_CTRL_DisableChannel
                0x00000e0c       0x7c ./Generated_Code/DMA_CTRL.o
                0x00000e0c                DMA_CTRL_DisableChannel
 .text.DMA_CTRL_SetChannelSourceAddress
                0x00000e88       0xa0 ./Generated_Code/DMA_CTRL.o
                0x00000e88                DMA_CTRL_SetChannelSourceAddress
 .text.DMA_CTRL_SetChannelDestinationAddress
                0x00000f28       0x9c ./Generated_Code/DMA_CTRL.o
                0x00000f28                DMA_CTRL_SetChannelDestinationAddress
 .text.DMA_CTRL_SetChannelByteCount
                0x00000fc4       0xb4 ./Generated_Code/DMA_CTRL.o
                0x00000fc4                DMA_CTRL_SetChannelByteCount
 .text.DMA_CTRL_Channel0Interrupt
                0x00001078       0x60 ./Generated_Code/DMA_CTRL.o
                0x00001078                DMA_CTRL_Channel0Interrupt
 .text.DMA_CTRL_Channel1Interrupt
                0x000010d8       0x60 ./Generated_Code/DMA_CTRL.o
                0x000010d8                DMA_CTRL_Channel1Interrupt
 .text.DMA_CTRL_Channel2Interrupt
                0x00001138       0x60 ./Generated_Code/DMA_CTRL.o
                0x00001138                DMA_CTRL_Channel2Interrupt
 .text.DMA_CTRL_Channel3Interrupt
                0x00001198       0x60 ./Generated_Code/DMA_CTRL.o
                0x00001198                DMA_CTRL_Channel3Interrupt
 .text.DMAT_S_SPI_TX_Init
                0x000011f8       0x9c ./Generated_Code/DMAT_S_SPI_TX.o
                0x000011f8                DMAT_S_SPI_TX_Init
 .text.DMAT_S_SPI_TX_AllocateChannel
                0x00001294        0xc ./Generated_Code/DMAT_S_SPI_TX.o
                0x00001294                DMAT_S_SPI_TX_AllocateChannel
 .text.DMAT_S_SPI_TX_EnableChannel
                0x000012a0        0xc ./Generated_Code/DMAT_S_SPI_TX.o
                0x000012a0                DMAT_S_SPI_TX_EnableChannel
 .text.DMAT_S_SPI_TX_SetSourceAddress
                0x000012ac       0x10 ./Generated_Code/DMAT_S_SPI_TX.o
                0x000012ac                DMAT_S_SPI_TX_SetSourceAddress
 .text.DMAT_S_SPI_TX_SetByteCount
                0x000012bc       0x10 ./Generated_Code/DMAT_S_SPI_TX.o
                0x000012bc                DMAT_S_SPI_TX_SetByteCount
 .text.DMAT_S_SPI_RX_Init
                0x000012cc       0x9c ./Generated_Code/DMAT_S_SPI_RX.o
                0x000012cc                DMAT_S_SPI_RX_Init
 .text.DMAT_S_SPI_RX_AllocateChannel
                0x00001368        0xc ./Generated_Code/DMAT_S_SPI_RX.o
                0x00001368                DMAT_S_SPI_RX_AllocateChannel
 .text.DMAT_S_SPI_RX_DisableChannel
                0x00001374        0xc ./Generated_Code/DMAT_S_SPI_RX.o
                0x00001374                DMAT_S_SPI_RX_DisableChannel
 .text.DMAT_M_SPI_TX_Init
                0x00001380       0x9c ./Generated_Code/DMAT_M_SPI_TX.o
                0x00001380                DMAT_M_SPI_TX_Init
 .text.DMAT_M_SPI_TX_AllocateChannel
                0x0000141c        0xc ./Generated_Code/DMAT_M_SPI_TX.o
                0x0000141c                DMAT_M_SPI_TX_AllocateChannel
 .text.DMAT_M_SPI_TX_EnableChannel
                0x00001428        0xc ./Generated_Code/DMAT_M_SPI_TX.o
                0x00001428                DMAT_M_SPI_TX_EnableChannel
 .text.DMAT_M_SPI_TX_SetSourceAddress
                0x00001434       0x10 ./Generated_Code/DMAT_M_SPI_TX.o
                0x00001434                DMAT_M_SPI_TX_SetSourceAddress
 .text.DMAT_M_SPI_TX_SetByteCount
                0x00001444       0x10 ./Generated_Code/DMAT_M_SPI_TX.o
                0x00001444                DMAT_M_SPI_TX_SetByteCount
 .text.DMAT_M_SPI_RX_Init
                0x00001454       0x9c ./Generated_Code/DMAT_M_SPI_RX.o
                0x00001454                DMAT_M_SPI_RX_Init
 .text.DMAT_M_SPI_RX_AllocateChannel
                0x000014f0        0xc ./Generated_Code/DMAT_M_SPI_RX.o
                0x000014f0                DMAT_M_SPI_RX_AllocateChannel
 .text.DMAT_M_SPI_RX_EnableChannel
                0x000014fc        0xc ./Generated_Code/DMAT_M_SPI_RX.o
                0x000014fc                DMAT_M_SPI_RX_EnableChannel
 .text.DMAT_M_SPI_RX_SetDestinationAddress
                0x00001508       0x10 ./Generated_Code/DMAT_M_SPI_RX.o
                0x00001508                DMAT_M_SPI_RX_SetDestinationAddress
 .text.DMAT_M_SPI_RX_SetByteCount
                0x00001518       0x10 ./Generated_Code/DMAT_M_SPI_RX.o
                0x00001518                DMAT_M_SPI_RX_SetByteCount
 .text.Cpu_ivINT_PORTA
                0x00001528        0xc ./Generated_Code/Cpu.o
                0x00001528                Cpu_ivINT_PORTA
 .text.Cpu_INT_NMIInterrupt
                0x00001534        0x8 ./Generated_Code/Cpu.o
                0x00001534                Cpu_INT_NMIInterrupt
 .text.Cpu_ivINT_Hard_Fault
                0x0000153c        0x4 ./Generated_Code/Cpu.o
                0x0000153c                Cpu_ivINT_Hard_Fault
 .text.Cpu_ivINT_Reserved4
                0x00001540        0x4 ./Generated_Code/Cpu.o
                0x00001540                Cpu_ivINT_Reserved4
 .text.Cpu_ivINT_Reserved5
                0x00001544        0x4 ./Generated_Code/Cpu.o
                0x00001544                Cpu_ivINT_Reserved5
 .text.Cpu_ivINT_Reserved6
                0x00001548        0x4 ./Generated_Code/Cpu.o
                0x00001548                Cpu_ivINT_Reserved6
 .text.Cpu_ivINT_Reserved7
                0x0000154c        0x4 ./Generated_Code/Cpu.o
                0x0000154c                Cpu_ivINT_Reserved7
 .text.Cpu_ivINT_Reserved8
                0x00001550        0x4 ./Generated_Code/Cpu.o
                0x00001550                Cpu_ivINT_Reserved8
 .text.Cpu_ivINT_Reserved9
                0x00001554        0x4 ./Generated_Code/Cpu.o
                0x00001554                Cpu_ivINT_Reserved9
 .text.Cpu_ivINT_Reserved10
                0x00001558        0x4 ./Generated_Code/Cpu.o
                0x00001558                Cpu_ivINT_Reserved10
 .text.Cpu_ivINT_SVCall
                0x0000155c        0x4 ./Generated_Code/Cpu.o
                0x0000155c                Cpu_ivINT_SVCall
 .text.Cpu_ivINT_Reserved12
                0x00001560        0x4 ./Generated_Code/Cpu.o
                0x00001560                Cpu_ivINT_Reserved12
 .text.Cpu_ivINT_Reserved13
                0x00001564        0x4 ./Generated_Code/Cpu.o
                0x00001564                Cpu_ivINT_Reserved13
 .text.Cpu_ivINT_PendableSrvReq
                0x00001568        0x4 ./Generated_Code/Cpu.o
                0x00001568                Cpu_ivINT_PendableSrvReq
 .text.Cpu_ivINT_Reserved20
                0x0000156c        0x4 ./Generated_Code/Cpu.o
                0x0000156c                Cpu_ivINT_Reserved20
 .text.Cpu_ivINT_FTFA
                0x00001570        0x4 ./Generated_Code/Cpu.o
                0x00001570                Cpu_ivINT_FTFA
 .text.Cpu_ivINT_LVD_LVW
                0x00001574        0x4 ./Generated_Code/Cpu.o
                0x00001574                Cpu_ivINT_LVD_LVW
 .text.Cpu_ivINT_LLW
                0x00001578        0x4 ./Generated_Code/Cpu.o
                0x00001578                Cpu_ivINT_LLW
 .text.Cpu_ivINT_I2C0
                0x0000157c        0x4 ./Generated_Code/Cpu.o
                0x0000157c                Cpu_ivINT_I2C0
 .text.Cpu_ivINT_I2C1
                0x00001580        0x4 ./Generated_Code/Cpu.o
                0x00001580                Cpu_ivINT_I2C1
 .text.Cpu_ivINT_SPI0
                0x00001584        0x4 ./Generated_Code/Cpu.o
                0x00001584                Cpu_ivINT_SPI0
 .text.Cpu_ivINT_SPI1
                0x00001588        0x4 ./Generated_Code/Cpu.o
                0x00001588                Cpu_ivINT_SPI1
 .text.Cpu_ivINT_UART0
                0x0000158c        0x4 ./Generated_Code/Cpu.o
                0x0000158c                Cpu_ivINT_UART0
 .text.Cpu_ivINT_UART1
                0x00001590        0x4 ./Generated_Code/Cpu.o
                0x00001590                Cpu_ivINT_UART1
 .text.Cpu_ivINT_UART2
                0x00001594        0x4 ./Generated_Code/Cpu.o
                0x00001594                Cpu_ivINT_UART2
 .text.Cpu_ivINT_ADC0
                0x00001598        0x4 ./Generated_Code/Cpu.o
                0x00001598                Cpu_ivINT_ADC0
 .text.Cpu_ivINT_CMP0
                0x0000159c        0x4 ./Generated_Code/Cpu.o
                0x0000159c                Cpu_ivINT_CMP0
 .text.Cpu_ivINT_TPM0
                0x000015a0        0x4 ./Generated_Code/Cpu.o
                0x000015a0                Cpu_ivINT_TPM0
 .text.Cpu_ivINT_TPM1
                0x000015a4        0x4 ./Generated_Code/Cpu.o
                0x000015a4                Cpu_ivINT_TPM1
 .text.Cpu_ivINT_TPM2
                0x000015a8        0x4 ./Generated_Code/Cpu.o
                0x000015a8                Cpu_ivINT_TPM2
 .text.Cpu_ivINT_RTC
                0x000015ac        0x4 ./Generated_Code/Cpu.o
                0x000015ac                Cpu_ivINT_RTC
 .text.Cpu_ivINT_RTC_Seconds
                0x000015b0        0x4 ./Generated_Code/Cpu.o
                0x000015b0                Cpu_ivINT_RTC_Seconds
 .text.Cpu_ivINT_PIT
                0x000015b4        0x4 ./Generated_Code/Cpu.o
                0x000015b4                Cpu_ivINT_PIT
 .text.Cpu_ivINT_Reserved39
                0x000015b8        0x4 ./Generated_Code/Cpu.o
                0x000015b8                Cpu_ivINT_Reserved39
 .text.Cpu_ivINT_USB0
                0x000015bc        0x4 ./Generated_Code/Cpu.o
                0x000015bc                Cpu_ivINT_USB0
 .text.Cpu_ivINT_DAC0
                0x000015c0        0x4 ./Generated_Code/Cpu.o
                0x000015c0                Cpu_ivINT_DAC0
 .text.Cpu_ivINT_TSI0
                0x000015c4        0x4 ./Generated_Code/Cpu.o
                0x000015c4                Cpu_ivINT_TSI0
 .text.Cpu_ivINT_MCG
                0x000015c8        0x4 ./Generated_Code/Cpu.o
                0x000015c8                Cpu_ivINT_MCG
 .text.Cpu_ivINT_LPTimer
                0x000015cc        0x4 ./Generated_Code/Cpu.o
                0x000015cc                Cpu_ivINT_LPTimer
 .text.Cpu_ivINT_Reserved45
                0x000015d0        0x4 ./Generated_Code/Cpu.o
                0x000015d0                Cpu_ivINT_Reserved45
 .text.Cpu_ivINT_PORTD
                0x000015d4        0x4 ./Generated_Code/Cpu.o
                0x000015d4                Cpu_ivINT_PORTD
 .text.__init_hardware
                0x000015d8      0x110 ./Generated_Code/Cpu.o
                0x000015d8                __init_hardware
 .text.PE_low_level_init
                0x000016e8       0xa4 ./Generated_Code/Cpu.o
                0x000016e8                PE_low_level_init
 .text.BitIO_UPRDY_Init
                0x0000178c       0x34 ./Generated_Code/BitIO_UPRDY.o
                0x0000178c                BitIO_UPRDY_Init
 .text.BitIO_UPRDY_ClrVal
                0x000017c0       0x10 ./Generated_Code/BitIO_UPRDY.o
                0x000017c0                BitIO_UPRDY_ClrVal
 .text.BitIO_UPRDY_SetVal
                0x000017d0       0x10 ./Generated_Code/BitIO_UPRDY.o
                0x000017d0                BitIO_UPRDY_SetVal
 .text.BitIO_AD_START1_Init
                0x000017e0       0x30 ./Generated_Code/BitIO_AD_START1.o
                0x000017e0                BitIO_AD_START1_Init
 .text.BitIO_AD_START0_Init
                0x00001810       0x30 ./Generated_Code/BitIO_AD_START0.o
                0x00001810                BitIO_AD_START0_Init
 .text.BitIO_AD_NOT_RESET1_Init
                0x00001840       0x34 ./Generated_Code/BitIO_AD_NOT_RESET1.o
                0x00001840                BitIO_AD_NOT_RESET1_Init
 .text.BitIO_AD_NOT_RESET1_ClrVal
                0x00001874       0x10 ./Generated_Code/BitIO_AD_NOT_RESET1.o
                0x00001874                BitIO_AD_NOT_RESET1_ClrVal
 .text.BitIO_AD_NOT_RESET1_SetVal
                0x00001884       0x10 ./Generated_Code/BitIO_AD_NOT_RESET1.o
                0x00001884                BitIO_AD_NOT_RESET1_SetVal
 .text.BitIO_AD_NOT_RESET0_Init
                0x00001894       0x34 ./Generated_Code/BitIO_AD_NOT_RESET0.o
                0x00001894                BitIO_AD_NOT_RESET0_Init
 .text.BitIO_AD_NOT_RESET0_ClrVal
                0x000018c8       0x10 ./Generated_Code/BitIO_AD_NOT_RESET0.o
                0x000018c8                BitIO_AD_NOT_RESET0_ClrVal
 .text.BitIO_AD_NOT_RESET0_SetVal
                0x000018d8       0x10 ./Generated_Code/BitIO_AD_NOT_RESET0.o
                0x000018d8                BitIO_AD_NOT_RESET0_SetVal
 .text.BitIO_AD_NOT_CS1_Init
                0x000018e8       0x30 ./Generated_Code/BitIO_AD_NOT_CS1.o
                0x000018e8                BitIO_AD_NOT_CS1_Init
 .text.BitIO_AD_NOT_CS1_ClrVal
                0x00001918       0x10 ./Generated_Code/BitIO_AD_NOT_CS1.o
                0x00001918                BitIO_AD_NOT_CS1_ClrVal
 .text.BitIO_AD_NOT_CS1_SetVal
                0x00001928       0x10 ./Generated_Code/BitIO_AD_NOT_CS1.o
                0x00001928                BitIO_AD_NOT_CS1_SetVal
 .text.BitIO_AD_NOT_CS0_Init
                0x00001938       0x30 ./Generated_Code/BitIO_AD_NOT_CS0.o
                0x00001938                BitIO_AD_NOT_CS0_Init
 .text.BitIO_AD_NOT_CS0_ClrVal
                0x00001968        0xc ./Generated_Code/BitIO_AD_NOT_CS0.o
                0x00001968                BitIO_AD_NOT_CS0_ClrVal
 .text.BitIO_AD_NOT_CS0_SetVal
                0x00001974        0xc ./Generated_Code/BitIO_AD_NOT_CS0.o
                0x00001974                BitIO_AD_NOT_CS0_SetVal
 .text.__thumb_startup
                0x00001980       0x38 ./Project_Settings/Startup_Code/__arm_start.o
                0x00001980                __thumb_startup
 .text._ExitProcess
                0x000019b8        0x4 ./Project_Settings/Startup_Code/__arm_end.o
                0x000019b8                _ExitProcess
 .text.DelaySomeMs
                0x000019bc       0x1c ./Sources/Utilities.o
                0x000019bc                DelaySomeMs
 .text.DelaySomeS
                0x000019d8       0x1c ./Sources/Utilities.o
                0x000019d8                DelaySomeS
 .text.SPI0ReceiveSendData
                0x000019f4       0x9c ./Sources/SPI.o
                0x000019f4                SPI0ReceiveSendData
 .text.SPI1SendData
                0x00001a90       0x70 ./Sources/SPI.o
                0x00001a90                SPI1SendData
 .text.startup.main
                0x00001b00       0x10 ./Sources/ProcessorExpert.o
                0x00001b00                main
 .text.MainLoop
                0x00001b10      0x7e8 ./Sources/Process.o
                0x00001b10                MainLoop
 .text.TransmitMCUData
                0x000022f8       0x58 ./Sources/Process.o
                0x000022f8                TransmitMCUData
 .text.SwapARMDataBuffer
                0x00002350       0xf8 ./Sources/Process.o
                0x00002350                SwapARMDataBuffer
 .text.UserInit
                0x00002448      0x640 ./Sources/Init.o
                0x00002448                UserInit
 .text.Cpu_OnNMIINT
                0x00002a88        0x4 ./Sources/Events.o
                0x00002a88                Cpu_OnNMIINT
 .text.EINT_AD_NOT_DRDY0_OnInterrupt
                0x00002a8c       0x14 ./Sources/Events.o
                0x00002a8c                EINT_AD_NOT_DRDY0_OnInterrupt
 .text.EINT_SYNC_INT_OnInterrupt
                0x00002aa0       0x3c ./Sources/Events.o
                0x00002aa0                EINT_SYNC_INT_OnInterrupt
 .text.SysTick_Interrupt
                0x00002adc       0x28 ./Sources/Events.o
                0x00002adc                SysTick_Interrupt
 .text.DMAT_M_SPI_RX_OnComplete
                0x00002b04       0x14 ./Sources/Events.o
                0x00002b04                DMAT_M_SPI_RX_OnComplete
 .text.DMAT_M_SPI_RX_OnError
                0x00002b18        0x4 ./Sources/Events.o
                0x00002b18                DMAT_M_SPI_RX_OnError
 .text.DMAT_M_SPI_TX_OnComplete
                0x00002b1c       0x14 ./Sources/Events.o
                0x00002b1c                DMAT_M_SPI_TX_OnComplete
 .text.DMAT_M_SPI_TX_OnError
                0x00002b30        0x4 ./Sources/Events.o
                0x00002b30                DMAT_M_SPI_TX_OnError
 .text.DMAT_S_SPI_RX_OnComplete
                0x00002b34       0x14 ./Sources/Events.o
                0x00002b34                DMAT_S_SPI_RX_OnComplete
 .text.DMAT_S_SPI_RX_OnError
                0x00002b48        0x4 ./Sources/Events.o
                0x00002b48                DMAT_S_SPI_RX_OnError
 .text.DMAT_S_SPI_TX_OnComplete
                0x00002b4c       0x3c ./Sources/Events.o
                0x00002b4c                DMAT_S_SPI_TX_OnComplete
 .text.DMAT_S_SPI_TX_OnError
                0x00002b88        0x4 ./Sources/Events.o
                0x00002b88                DMAT_S_SPI_TX_OnError
 .text.ADCSendCommand
                0x00002b8c      0x138 ./Sources/ADC.o
                0x00002b8c                ADCSendCommand
 .text.ADCWriteRegister
                0x00002cc4       0xb8 ./Sources/ADC.o
                0x00002cc4                ADCWriteRegister
 .text.ADCConfigure
                0x00002d7c      0x16c ./Sources/ADC.o
                0x00002d7c                ADCConfigure
 .text.ADCInit  0x00002ee8       0x74 ./Sources/ADC.o
                0x00002ee8                ADCInit
 .text.ADCReadContinuousData
                0x00002f5c       0x38 ./Sources/ADC.o
                0x00002f5c                ADCReadContinuousData
 .text.ADCDataInit
                0x00002f94       0x58 ./Sources/ADC.o
                0x00002f94                ADCDataInit
 .text.EnableADCSPI
                0x00002fec       0x38 ./Sources/ADC.o
                0x00002fec                EnableADCSPI
 .text.DisableADCSPI
                0x00003024       0x28 ./Sources/ADC.o
                0x00003024                DisableADCSPI
 .text.exit     0x0000304c       0x38 D:/Programs_x64/Freescale/CW MCU v10.5/MCU/ARM_GCC_Support/ewl/lib/armv6-m\libc.a(exit.o)
                0x0000304c                exit
 .text.memcpy   0x00003084       0x12 D:/Programs_x64/Freescale/CW MCU v10.5/MCU/ARM_GCC_Support/ewl/lib/armv6-m\libc.a(memcpy.o)
                0x00003084                memcpy
 .text.memset   0x00003096        0xc D:/Programs_x64/Freescale/CW MCU v10.5/MCU/ARM_GCC_Support/ewl/lib/armv6-m\libc.a(memset.o)
                0x00003096                memset
 *fill*         0x000030a2        0x2 00
 .text.long2str.isra.0
                0x000030a4      0x19c D:/Programs_x64/Freescale/CW MCU v10.5/MCU/ARM_GCC_Support/ewl/lib/armv6-m\libc.a(printformat_.o)
 .text.__pformatter_
                0x00003240      0x428 D:/Programs_x64/Freescale/CW MCU v10.5/MCU/ARM_GCC_Support/ewl/lib/armv6-m\libc.a(printformat_.o)
                0x00003240                __pformatter_
 .text.__sformatter
                0x00003668      0x698 D:/Programs_x64/Freescale/CW MCU v10.5/MCU/ARM_GCC_Support/ewl/lib/armv6-m\libc.a(scanformat_.o)
                0x00003668                __sformatter
 .text.isalpha  0x00003d00       0x20 D:/Programs_x64/Freescale/CW MCU v10.5/MCU/ARM_GCC_Support/ewl/lib/armv6-m\libc.a(ctype_aeabi.o)
                0x00003d00                isalpha
 .text.isspace  0x00003d20       0x20 D:/Programs_x64/Freescale/CW MCU v10.5/MCU/ARM_GCC_Support/ewl/lib/armv6-m\libc.a(ctype_aeabi.o)
                0x00003d20                isspace
 .text.toupper  0x00003d40        0xe D:/Programs_x64/Freescale/CW MCU v10.5/MCU/ARM_GCC_Support/ewl/lib/armv6-m\libc.a(ctype_aeabi.o)
                0x00003d40                toupper
 .text.__strtoul
                0x00003d4e      0x1ce D:/Programs_x64/Freescale/CW MCU v10.5/MCU/ARM_GCC_Support/ewl/lib/armv6-m\libc.a(__strtoul.o)
                0x00003d4e                __strtoul
 .text.__fill_mem
                0x00003f1c       0x7e D:/Programs_x64/Freescale/CW MCU v10.5/MCU/ARM_GCC_Support/ewl/lib/armv6-m\libc.a(__filll_mem.o)
                0x00003f1c                __fill_mem
 .text.memchr   0x00003f9a       0x1a D:/Programs_x64/Freescale/CW MCU v10.5/MCU/ARM_GCC_Support/ewl/lib/armv6-m\libc.a(memchr.o)
                0x00003f9a                memchr
 .text.strchr   0x00003fb4       0x1e D:/Programs_x64/Freescale/CW MCU v10.5/MCU/ARM_GCC_Support/ewl/lib/armv6-m\libc.a(strchr.o)
                0x00003fb4                strchr
 .text.strlen   0x00003fd2       0x10 D:/Programs_x64/Freescale/CW MCU v10.5/MCU/ARM_GCC_Support/ewl/lib/armv6-m\libc.a(strlen.o)
                0x00003fd2                strlen
 *fill*         0x00003fe2        0x2 00
 .text.__init_cpp
                0x00003fe4       0x48 D:/Programs_x64/Freescale/CW MCU v10.5/MCU/ARM_GCC_Support/ewl/lib/armv6-m\librt.a(gcc_ctor_dtor.o)
                0x00003fe4                __init_cpp
 .text.__fini_cpp
                0x0000402c       0x34 D:/Programs_x64/Freescale/CW MCU v10.5/MCU/ARM_GCC_Support/ewl/lib/armv6-m\librt.a(gcc_ctor_dtor.o)
                0x0000402c                __fini_cpp
 .text.__copy_rom_section
                0x00004060       0x48 D:/Programs_x64/Freescale/CW MCU v10.5/MCU/ARM_GCC_Support/ewl/lib/armv6-m\librt.a(ROMCopy.o)
                0x00004060                __copy_rom_section
 .text.__copy_rom_sections_to_ram
                0x000040a8       0x34 D:/Programs_x64/Freescale/CW MCU v10.5/MCU/ARM_GCC_Support/ewl/lib/armv6-m\librt.a(ROMCopy.o)
                0x000040a8                __copy_rom_sections_to_ram
 .text.__destroy_global_chain
                0x000040dc       0x1c D:/Programs_x64/Freescale/CW MCU v10.5/MCU/ARM_GCC_Support/ewl/lib/armv6-m\librt.a(__arm_eabi_init.o)
                0x000040dc                __destroy_global_chain
 .text.__init_registers
                0x000040f8       0x1c D:/Programs_x64/Freescale/CW MCU v10.5/MCU/ARM_GCC_Support/ewl/lib/armv6-m\librt.a(__arm_eabi_init.o)
                0x000040f8                __init_registers
 .text.__init_user
                0x00004114        0x4 D:/Programs_x64/Freescale/CW MCU v10.5/MCU/ARM_GCC_Support/ewl/lib/armv6-m\librt.a(__arm_eabi_init.o)
                0x00004114                __init_user
 *(.rodata)
 *(.rodata*)
 .rodata.SwapARMDataBuffer
                0x00004118       0x18 ./Sources/Process.o
 .rodata.MIN_REGISTER_READ_NUMBER
                0x00004130        0x1 ./Sources/Macros.o
                0x00004130                MIN_REGISTER_READ_NUMBER
 .rodata.ADC_CMD_RDATAC
                0x00004131        0x1 ./Sources/Macros.o
                0x00004131                ADC_CMD_RDATAC
 .rodata.ADC_REG_ID
                0x00004132        0x1 ./Sources/Macros.o
                0x00004132                ADC_REG_ID
 .rodata.ADC_CMD_RESET
                0x00004133        0x1 ./Sources/Macros.o
                0x00004133                ADC_CMD_RESET
 .rodata.ADC_CMD_START
                0x00004134        0x1 ./Sources/Macros.o
                0x00004134                ADC_CMD_START
 .rodata.MAX_REGISTER_READ_NUMBER
                0x00004135        0x1 ./Sources/Macros.o
                0x00004135                MAX_REGISTER_READ_NUMBER
 .rodata.DATA_FRAME_TAIL_BIT
                0x00004136        0x1 ./Sources/Macros.o
                0x00004136                DATA_FRAME_TAIL_BIT
 .rodata.ADC_CMD_SDATAC
                0x00004137        0x1 ./Sources/Macros.o
                0x00004137                ADC_CMD_SDATAC
 .rodata.DATA_FRAME_HEAD_BIT
                0x00004138        0x1 ./Sources/Macros.o
                0x00004138                DATA_FRAME_HEAD_BIT
 .rodata.ADC_CMD_WAKEUP
                0x00004139        0x1 ./Sources/Macros.o
                0x00004139                ADC_CMD_WAKEUP
 .rodata.ADC_CMD_RDATA
                0x0000413a        0x1 ./Sources/Macros.o
                0x0000413a                ADC_CMD_RDATA
 .rodata.ADC_CMD_STANDBY
                0x0000413b        0x1 ./Sources/Macros.o
                0x0000413b                ADC_CMD_STANDBY
 .rodata.CHANNEL_PACKAGE_HEAD_BIT
                0x0000413c        0x1 ./Sources/Macros.o
                0x0000413c                CHANNEL_PACKAGE_HEAD_BIT
 .rodata.BYTE_COUNT_PER_CHANNEL
                0x0000413d        0x1 ./Sources/Macros.o
                0x0000413d                BYTE_COUNT_PER_CHANNEL
 .rodata.RAW_DATA_HEAD
                0x0000413e        0x1 ./Sources/Macros.o
                0x0000413e                RAW_DATA_HEAD
 .rodata.ADC_REG_WCT2
                0x0000413f        0x1 ./Sources/Macros.o
                0x0000413f                ADC_REG_WCT2
 .rodata.MCU_NUMBER
                0x00004140        0x1 ./Sources/Macros.o
                0x00004140                MCU_NUMBER
 .rodata.ADC_REG_CONFIG1
                0x00004141        0x1 ./Sources/Macros.o
                0x00004141                ADC_REG_CONFIG1
 *fill*         0x00004142        0x2 00
 .rodata.MIN_DELAY_TIME
                0x00004144        0x4 ./Sources/Macros.o
                0x00004144                MIN_DELAY_TIME
 .rodata.ADC_CMD_STOP
                0x00004148        0x1 ./Sources/Macros.o
                0x00004148                ADC_CMD_STOP
 .rodata.str1.1
                0x00004149        0x1 D:/Programs_x64/Freescale/CW MCU v10.5/MCU/ARM_GCC_Support/ewl/lib/armv6-m\libc.a(printformat_.o)
 .rodata.CSWTCH.20
                0x0000414a        0x5 D:/Programs_x64/Freescale/CW MCU v10.5/MCU/ARM_GCC_Support/ewl/lib/armv6-m\libc.a(printformat_.o)
 .rodata.CSWTCH.21
                0x0000414f        0x5 D:/Programs_x64/Freescale/CW MCU v10.5/MCU/ARM_GCC_Support/ewl/lib/armv6-m\libc.a(printformat_.o)
 .rodata.__aeabi_ctype_table_C
                0x00004154      0x101 D:/Programs_x64/Freescale/CW MCU v10.5/MCU/ARM_GCC_Support/ewl/lib/armv6-m\libc.a(ctype_aeabi.o)
                0x00004154                __aeabi_ctype_table_C
 *(.glue_7)
 .glue_7        0x00000000        0x0 linker stubs
 *(.glue_7t)
 .glue_7t       0x00000000        0x0 linker stubs
 *(.eh_frame)
 *(.init)
 *(.fini)
                0x00004258                . = ALIGN (0x4)
 *fill*         0x00004255        0x3 00
                0x00004258                _etext = .

.vfp11_veneer   0x00004258        0x0
 .vfp11_veneer  0x00000000        0x0 linker stubs

.v4_bx          0x00004258        0x0
 .v4_bx         0x00000000        0x0 linker stubs

.iplt           0x00004258        0x0
 .iplt          0x00000000        0x0 ./Generated_Code/Vectors.o

.rel.dyn        0x00004258        0x0
 .rel.iplt      0x00000000        0x0 ./Generated_Code/Vectors.o

.ARM.extab
 *(.ARM.extab* .gnu.linkonce.armextab.*)

.ARM            0x00004258        0x0
                0x00004258                __exidx_start = .
 *(.ARM.exidx*)
                0x00004258                __exidx_end = .

.ctors          0x00004258        0x0
                0x00004258                __CTOR_LIST__ = .
 *crtbegin.o(.ctors)
 *(EXCLUDE_FILE(*crtend.o) .ctors)
 *(SORT(.ctors.*))
 *(.ctors)
                0x00004258                __CTOR_END__ = .

.dtors          0x00004258        0x0
                0x00004258                __DTOR_LIST__ = .
 *crtbegin.o(.dtors)
 *(EXCLUDE_FILE(*crtend.o) .dtors)
 *(SORT(.dtors.*))
 *(.dtors)
                0x00004258                __DTOR_END__ = .

.preinit_array  0x00004258        0x0
                0x00004258                PROVIDE (__preinit_array_start, .)
 *(.preinit_array*)
                0x00004258                PROVIDE (__preinit_array_end, .)

.init_array     0x00004258        0x0
                0x00004258                PROVIDE (__init_array_start, .)
 *(SORT(.init_array.*))
 *(.init_array*)
                0x00004258                PROVIDE (__init_array_end, .)

.fini_array     0x00004258        0x0
                0x00004258                PROVIDE (__fini_array_start, .)
 *(SORT(.fini_array.*))
 *(.fini_array*)
                0x00004258                PROVIDE (__fini_array_end, .)
                0x00004258                ___ROM_AT = .

.mtb            0x1ffff000        0x0
                0x1ffff000                . = ALIGN (0x8)
                0x1ffff000                _mtb_start = .
 *(.mtb_buf)
                0x1ffff000                . = ALIGN (0x8)
                0x1ffff000                _mtb_end = .

.data           0x1ffff000        0x0 load address 0x00004258
                0x1ffff000                . = ALIGN (0x4)
                0x1ffff000                _sdata = .
 *(.data)
 *(.data*)
                0x1ffff000                . = ALIGN (0x4)
                0x1ffff000                _edata = .
                0x00000000                ___data_size = (_edata - _sdata)

.igot.plt       0x1ffff000        0x0
 .igot.plt      0x00000000        0x0 ./Generated_Code/Vectors.o
                0x1ffff000                . = ALIGN (0x4)

.bss            0x1ffff000     0x357c
                0x1ffff000                __START_BSS = .
                0x1ffff000                PROVIDE (__bss_start__, __START_BSS)
 *(.bss)
 *(.bss*)
 .bss.DeviceDataPrv__DEFAULT_RTOS_ALLOC
                0x1ffff000        0xc ./Generated_Code/SS_SPI1.o
 .bss.DeviceDataPrv__DEFAULT_RTOS_ALLOC
                0x1ffff00c       0x20 ./Generated_Code/SM_SPI0.o
 .bss.PE_LDD_DeviceDataList
                0x1ffff02c       0x44 ./Generated_Code/PE_LDD.o
                0x1ffff02c                PE_LDD_DeviceDataList
 .bss.INT_PORTA__DEFAULT_RTOS_ISRPARAM
                0x1ffff070        0x4 ./Generated_Code/EINT_SYNC_INT.o
 .bss.DeviceDataPrv__DEFAULT_RTOS_ALLOC
                0x1ffff074        0x8 ./Generated_Code/EINT_SYNC_INT.o
 .bss.INT_PORTA__DEFAULT_RTOS_ISRPARAM
                0x1ffff07c        0x4 ./Generated_Code/EINT_AD_NOT_DRDY1.o
 .bss.DeviceDataPrv__DEFAULT_RTOS_ALLOC
                0x1ffff080        0x8 ./Generated_Code/EINT_AD_NOT_DRDY1.o
 .bss.INT_PORTA__DEFAULT_RTOS_ISRPARAM
                0x1ffff088        0x4 ./Generated_Code/EINT_AD_NOT_DRDY0.o
 .bss.DeviceDataPrv__DEFAULT_RTOS_ALLOC
                0x1ffff08c        0x8 ./Generated_Code/EINT_AD_NOT_DRDY0.o
 .bss.DeviceDataPtr__DEFAULT_RTOS_ALLOC
                0x1ffff094       0x58 ./Generated_Code/DMA_CTRL.o
 .bss.INT_DMA2__DEFAULT_RTOS_ISRPARAM
                0x1ffff0ec        0x4 ./Generated_Code/DMA_CTRL.o
 .bss.INT_DMA3__DEFAULT_RTOS_ISRPARAM
                0x1ffff0f0        0x4 ./Generated_Code/DMA_CTRL.o
 .bss.INT_DMA0__DEFAULT_RTOS_ISRPARAM
                0x1ffff0f4        0x4 ./Generated_Code/DMA_CTRL.o
 .bss.INT_DMA1__DEFAULT_RTOS_ISRPARAM
                0x1ffff0f8        0x4 ./Generated_Code/DMA_CTRL.o
 .bss.SPI1TxDMAByteCount
                0x1ffff0fc        0x1 ./Generated_Code/DMAT_S_SPI_TX.o
                0x1ffff0fc                SPI1TxDMAByteCount
 *fill*         0x1ffff0fd        0x3 00
 .bss.DeviceDataPtr__DEFAULT_RTOS_ALLOC
                0x1ffff100        0x8 ./Generated_Code/DMAT_S_SPI_TX.o
 .bss.SPI1TxDMADataSourceBuffer
                0x1ffff108        0x4 ./Generated_Code/DMAT_S_SPI_TX.o
                0x1ffff108                SPI1TxDMADataSourceBuffer
 .bss.DescriptorPtr__DEFAULT_RTOS_ALLOC
                0x1ffff10c       0x34 ./Generated_Code/DMAT_S_SPI_TX.o
 .bss.DeviceDataPtr__DEFAULT_RTOS_ALLOC
                0x1ffff140        0x8 ./Generated_Code/DMAT_S_SPI_RX.o
 .bss.SPI1RxDMADataDestinationBuffer
                0x1ffff148        0x4 ./Generated_Code/DMAT_S_SPI_RX.o
                0x1ffff148                SPI1RxDMADataDestinationBuffer
 .bss.SPI1RxDMAByteCount
                0x1ffff14c        0x1 ./Generated_Code/DMAT_S_SPI_RX.o
                0x1ffff14c                SPI1RxDMAByteCount
 *fill*         0x1ffff14d        0x3 00
 .bss.DescriptorPtr__DEFAULT_RTOS_ALLOC
                0x1ffff150       0x34 ./Generated_Code/DMAT_S_SPI_RX.o
 .bss.DeviceDataPtr__DEFAULT_RTOS_ALLOC
                0x1ffff184        0x8 ./Generated_Code/DMAT_M_SPI_TX.o
 .bss.SPI0TxDMAByteCount
                0x1ffff18c        0x1 ./Generated_Code/DMAT_M_SPI_TX.o
                0x1ffff18c                SPI0TxDMAByteCount
 *fill*         0x1ffff18d        0x3 00
 .bss.DescriptorPtr__DEFAULT_RTOS_ALLOC
                0x1ffff190       0x34 ./Generated_Code/DMAT_M_SPI_TX.o
 .bss.SPI0TxDMADataSourceBuffer
                0x1ffff1c4        0x4 ./Generated_Code/DMAT_M_SPI_TX.o
                0x1ffff1c4                SPI0TxDMADataSourceBuffer
 .bss.DeviceDataPtr__DEFAULT_RTOS_ALLOC
                0x1ffff1c8        0x8 ./Generated_Code/DMAT_M_SPI_RX.o
 .bss.SPI0RxDMADataDestinationBuffer
                0x1ffff1d0        0x4 ./Generated_Code/DMAT_M_SPI_RX.o
                0x1ffff1d0                SPI0RxDMADataDestinationBuffer
 .bss.SPI0RxDMAByteCount
                0x1ffff1d4        0x1 ./Generated_Code/DMAT_M_SPI_RX.o
                0x1ffff1d4                SPI0RxDMAByteCount
 *fill*         0x1ffff1d5        0x3 00
 .bss.DescriptorPtr__DEFAULT_RTOS_ALLOC
                0x1ffff1d8       0x34 ./Generated_Code/DMAT_M_SPI_RX.o
 .bss.SR_lock   0x1ffff20c        0x1 ./Generated_Code/Cpu.o
                0x1ffff20c                SR_lock
 *fill*         0x1ffff20d        0x3 00
 .bss.argv      0x1ffff210        0x4 ./Project_Settings/Startup_Code/__arm_start.o
 .bss.overflowCnt
                0x1ffff214        0x1 ./Sources/Process.o
 *fill*         0x1ffff215        0x3 00
 .bss.chDataCnt
                0x1ffff218        0x4 ./Sources/Process.o
 .bss.isStart   0x1ffff21c        0x1 ./Sources/Events.o
                0x1ffff21c                isStart
 *fill*         0x1ffff21d        0x3 00
 .bss.__stdio_exit
                0x1ffff220        0x4 D:/Programs_x64/Freescale/CW MCU v10.5/MCU/ARM_GCC_Support/ewl/lib/armv6-m\libc.a(exit.o)
                0x1ffff220                __stdio_exit
 .bss.__console_exit
                0x1ffff224        0x4 D:/Programs_x64/Freescale/CW MCU v10.5/MCU/ARM_GCC_Support/ewl/lib/armv6-m\libc.a(exit.o)
                0x1ffff224                __console_exit
 .bss.__S_romp  0x1ffff228        0xc D:/Programs_x64/Freescale/CW MCU v10.5/MCU/ARM_GCC_Support/ewl/lib/armv6-m\librt.a(ROMCopy.o)
 .bss.__global_destructor_chain
                0x1ffff234        0x4 D:/Programs_x64/Freescale/CW MCU v10.5/MCU/ARM_GCC_Support/ewl/lib/armv6-m\librt.a(__arm_eabi_init.o)
                0x1ffff234                __global_destructor_chain
 *(COMMON)
 COMMON         0x1ffff238        0x1 ./Generated_Code/Cpu.o
                0x1ffff238                SR_reg
 *fill*         0x1ffff239        0x3 00
 COMMON         0x1ffff23c     0x3340 ./Sources/Utilities.o
                0x1ffff23c                portC4DevData
                0x1ffff240                slaveSPITxDMADevData
                0x1ffff244                tARM
                0x20000bc4                tADC
                0x20000c2c                slaveSPI1DevData
                0x20000c30                tADCPtr
                0x20000c38                masterSPITxDMADevData
                0x20000c3c                masterSPI0DevData
                0x20000c40                dmaControllerDevData
                0x20000c44                portA5DevData
                0x20000c48                portC8DevData
                0x20000c4c                portE29DevData
                0x20000c50                tMCUPtr
                0x20000c54                portA2DevData
                0x20000c58                portB1DevData
                0x20000c5c                tARMPtr
                0x20000c60                portB2DevData
                0x20000c64                slaveSPIRxDMADevData
                0x20000c68                masterSPIRxDMADevData
                0x20000c6c                tMCU
                0x20002570                portE21DevData
                0x20002574                portE19DevData
                0x20002578                portA1DevData
                0x2000257c                . = ALIGN (0x4)
                0x2000257c                __END_BSS = .
                0x2000257c                PROVIDE (__bss_end__, __END_BSS)
                0x00004258                _romp_at = (___ROM_AT + SIZEOF (.data))

.romp           0x2000257c       0x18 load address 0x00004258
                0x00004258                __S_romp = _romp_at
                0x2000257c        0x4 LONG 0x4258 ___ROM_AT
                0x20002580        0x4 LONG 0x1ffff000 _sdata
                0x20002584        0x4 LONG 0x0 ___data_size
                0x20002588        0x4 LONG 0x0
                0x2000258c        0x4 LONG 0x0
                0x20002590        0x4 LONG 0x0

._user_heap_stack
                0x20002594      0x400 load address 0x00004270
                0x20002594                . = ALIGN (0x4)
                0x20002594                PROVIDE (end, .)
                0x20002594                PROVIDE (_end, .)
                0x20002594                __heap_addr = .
                0x20002794                . = (. + __heap_size)
 *fill*         0x20002594      0x200 00
                0x20002994                . = (. + __stack_size)
 *fill*         0x20002794      0x200 00
                0x20002994                . = ALIGN (0x4)

.ARM.attributes
                0x00000000       0x31
 *(.ARM.attributes)
 .ARM.attributes
                0x00000000       0x31 ./Generated_Code/Vectors.o
 .ARM.attributes
                0x00000031       0x31 ./Generated_Code/SysTick.o
 .ARM.attributes
                0x00000062       0x31 ./Generated_Code/SS_SPI1.o
 .ARM.attributes
                0x00000093       0x31 ./Generated_Code/SM_SPI0.o
 .ARM.attributes
                0x000000c4       0x31 ./Generated_Code/PE_LDD.o
 .ARM.attributes
                0x000000f5       0x31 ./Generated_Code/EINT_SYNC_INT.o
 .ARM.attributes
                0x00000126       0x31 ./Generated_Code/EINT_AD_NOT_DRDY1.o
 .ARM.attributes
                0x00000157       0x31 ./Generated_Code/EINT_AD_NOT_DRDY0.o
 .ARM.attributes
                0x00000188       0x31 ./Generated_Code/DMA_CTRL.o
 .ARM.attributes
                0x000001b9       0x31 ./Generated_Code/DMAT_S_SPI_TX.o
 .ARM.attributes
                0x000001ea       0x31 ./Generated_Code/DMAT_S_SPI_RX.o
 .ARM.attributes
                0x0000021b       0x31 ./Generated_Code/DMAT_M_SPI_TX.o
 .ARM.attributes
                0x0000024c       0x31 ./Generated_Code/DMAT_M_SPI_RX.o
 .ARM.attributes
                0x0000027d       0x31 ./Generated_Code/Cpu.o
 .ARM.attributes
                0x000002ae       0x31 ./Generated_Code/BitIO_UPRDY.o
 .ARM.attributes
                0x000002df       0x31 ./Generated_Code/BitIO_AD_START1.o
 .ARM.attributes
                0x00000310       0x31 ./Generated_Code/BitIO_AD_START0.o
 .ARM.attributes
                0x00000341       0x31 ./Generated_Code/BitIO_AD_NOT_RESET1.o
 .ARM.attributes
                0x00000372       0x31 ./Generated_Code/BitIO_AD_NOT_RESET0.o
 .ARM.attributes
                0x000003a3       0x31 ./Generated_Code/BitIO_AD_NOT_CS1.o
 .ARM.attributes
                0x000003d4       0x31 ./Generated_Code/BitIO_AD_NOT_CS0.o
 .ARM.attributes
                0x00000405       0x31 ./Project_Settings/Startup_Code/__arm_start.o
 .ARM.attributes
                0x00000436       0x31 ./Project_Settings/Startup_Code/__arm_end.o
 .ARM.attributes
                0x00000467       0x31 ./Sources/Utilities.o
 .ARM.attributes
                0x00000498       0x31 ./Sources/SPI.o
 .ARM.attributes
                0x000004c9       0x31 ./Sources/ProcessorExpert.o
 .ARM.attributes
                0x000004fa       0x31 ./Sources/Process.o
 .ARM.attributes
                0x0000052b       0x31 ./Sources/Macros.o
 .ARM.attributes
                0x0000055c       0x31 ./Sources/Init.o
 .ARM.attributes
                0x0000058d       0x31 ./Sources/Events.o
 .ARM.attributes
                0x000005be       0x31 ./Sources/ADC.o
 .ARM.attributes
                0x000005ef       0x31 D:/Programs_x64/Freescale/CW MCU v10.5/MCU/ARM_GCC_Support/ewl/lib/armv6-m\libc.a(exit.o)
 .ARM.attributes
                0x00000620       0x31 D:/Programs_x64/Freescale/CW MCU v10.5/MCU/ARM_GCC_Support/ewl/lib/armv6-m\libc.a(memcpy.o)
 .ARM.attributes
                0x00000651       0x31 D:/Programs_x64/Freescale/CW MCU v10.5/MCU/ARM_GCC_Support/ewl/lib/armv6-m\libc.a(memset.o)
 .ARM.attributes
                0x00000682       0x31 D:/Programs_x64/Freescale/CW MCU v10.5/MCU/ARM_GCC_Support/ewl/lib/armv6-m\libc.a(printformat_.o)
 .ARM.attributes
                0x000006b3       0x31 D:/Programs_x64/Freescale/CW MCU v10.5/MCU/ARM_GCC_Support/ewl/lib/armv6-m\libc.a(scanformat_.o)
 .ARM.attributes
                0x000006e4       0x31 D:/Programs_x64/Freescale/CW MCU v10.5/MCU/ARM_GCC_Support/ewl/lib/armv6-m\libc.a(ctype_aeabi.o)
 .ARM.attributes
                0x00000715       0x31 D:/Programs_x64/Freescale/CW MCU v10.5/MCU/ARM_GCC_Support/ewl/lib/armv6-m\libc.a(__strtoul.o)
 .ARM.attributes
                0x00000746       0x31 D:/Programs_x64/Freescale/CW MCU v10.5/MCU/ARM_GCC_Support/ewl/lib/armv6-m\libc.a(__filll_mem.o)
 .ARM.attributes
                0x00000777       0x31 D:/Programs_x64/Freescale/CW MCU v10.5/MCU/ARM_GCC_Support/ewl/lib/armv6-m\libc.a(memchr.o)
 .ARM.attributes
                0x000007a8       0x31 D:/Programs_x64/Freescale/CW MCU v10.5/MCU/ARM_GCC_Support/ewl/lib/armv6-m\libc.a(strchr.o)
 .ARM.attributes
                0x000007d9       0x31 D:/Programs_x64/Freescale/CW MCU v10.5/MCU/ARM_GCC_Support/ewl/lib/armv6-m\libc.a(strlen.o)
 .ARM.attributes
                0x0000080a       0x1e d:/programs_x64/freescale/cw mcu v10.5/cross_tools/arm-none-eabi-gcc-4_7_3/bin/../lib/gcc/arm-none-eabi/4.7.3/armv6-m\libgcc.a(_thumb1_case_sqi.o)
 .ARM.attributes
                0x00000828       0x1e d:/programs_x64/freescale/cw mcu v10.5/cross_tools/arm-none-eabi-gcc-4_7_3/bin/../lib/gcc/arm-none-eabi/4.7.3/armv6-m\libgcc.a(_thumb1_case_uqi.o)
 .ARM.attributes
                0x00000846       0x1e d:/programs_x64/freescale/cw mcu v10.5/cross_tools/arm-none-eabi-gcc-4_7_3/bin/../lib/gcc/arm-none-eabi/4.7.3/armv6-m\libgcc.a(_udivsi3.o)
 .ARM.attributes
                0x00000864       0x1e d:/programs_x64/freescale/cw mcu v10.5/cross_tools/arm-none-eabi-gcc-4_7_3/bin/../lib/gcc/arm-none-eabi/4.7.3/armv6-m\libgcc.a(_dvmd_tls.o)
 .ARM.attributes
                0x00000882       0x31 D:/Programs_x64/Freescale/CW MCU v10.5/MCU/ARM_GCC_Support/ewl/lib/armv6-m\librt.a(gcc_ctor_dtor.o)
 .ARM.attributes
                0x000008b3       0x31 D:/Programs_x64/Freescale/CW MCU v10.5/MCU/ARM_GCC_Support/ewl/lib/armv6-m\librt.a(ROMCopy.o)
 .ARM.attributes
                0x000008e4       0x31 D:/Programs_x64/Freescale/CW MCU v10.5/MCU/ARM_GCC_Support/ewl/lib/armv6-m\librt.a(__arm_eabi_init.o)
OUTPUT(semg_mkl15z128vlh4.elf elf32-littlearm)

.comment        0x00000000       0x79
 .comment       0x00000000       0x79 ./Generated_Code/Vectors.o
                                 0x7a (size before relaxing)
 .comment       0x00000000       0x7a ./Generated_Code/SysTick.o
 .comment       0x00000000       0x7a ./Generated_Code/SS_SPI1.o
 .comment       0x00000000       0x7a ./Generated_Code/SM_SPI0.o
 .comment       0x00000000       0x7a ./Generated_Code/PE_LDD.o
 .comment       0x00000000       0x7a ./Generated_Code/EINT_SYNC_INT.o
 .comment       0x00000000       0x7a ./Generated_Code/EINT_AD_NOT_DRDY1.o
 .comment       0x00000000       0x7a ./Generated_Code/EINT_AD_NOT_DRDY0.o
 .comment       0x00000000       0x7a ./Generated_Code/DMA_CTRL.o
 .comment       0x00000000       0x7a ./Generated_Code/DMAT_S_SPI_TX.o
 .comment       0x00000000       0x7a ./Generated_Code/DMAT_S_SPI_RX.o
 .comment       0x00000000       0x7a ./Generated_Code/DMAT_M_SPI_TX.o
 .comment       0x00000000       0x7a ./Generated_Code/DMAT_M_SPI_RX.o
 .comment       0x00000000       0x7a ./Generated_Code/Cpu.o
 .comment       0x00000000       0x7a ./Generated_Code/BitIO_UPRDY.o
 .comment       0x00000000       0x7a ./Generated_Code/BitIO_AD_START1.o
 .comment       0x00000000       0x7a ./Generated_Code/BitIO_AD_START0.o
 .comment       0x00000000       0x7a ./Generated_Code/BitIO_AD_NOT_RESET1.o
 .comment       0x00000000       0x7a ./Generated_Code/BitIO_AD_NOT_RESET0.o
 .comment       0x00000000       0x7a ./Generated_Code/BitIO_AD_NOT_CS1.o
 .comment       0x00000000       0x7a ./Generated_Code/BitIO_AD_NOT_CS0.o
 .comment       0x00000000       0x7a ./Project_Settings/Startup_Code/__arm_start.o
 .comment       0x00000000       0x7a ./Project_Settings/Startup_Code/__arm_end.o
 .comment       0x00000000       0x7a ./Sources/Utilities.o
 .comment       0x00000000       0x7a ./Sources/SPI.o
 .comment       0x00000000       0x7a ./Sources/ProcessorExpert.o
 .comment       0x00000000       0x7a ./Sources/Process.o
 .comment       0x00000000       0x7a ./Sources/Macros.o
 .comment       0x00000000       0x7a ./Sources/Init.o
 .comment       0x00000000       0x7a ./Sources/Events.o
 .comment       0x00000000       0x7a ./Sources/ADC.o
 .comment       0x00000000       0x7a D:/Programs_x64/Freescale/CW MCU v10.5/MCU/ARM_GCC_Support/ewl/lib/armv6-m\libc.a(exit.o)
 .comment       0x00000000       0x7a D:/Programs_x64/Freescale/CW MCU v10.5/MCU/ARM_GCC_Support/ewl/lib/armv6-m\libc.a(memcpy.o)
 .comment       0x00000000       0x7a D:/Programs_x64/Freescale/CW MCU v10.5/MCU/ARM_GCC_Support/ewl/lib/armv6-m\libc.a(memset.o)
 .comment       0x00000000       0x7a D:/Programs_x64/Freescale/CW MCU v10.5/MCU/ARM_GCC_Support/ewl/lib/armv6-m\libc.a(printformat_.o)
 .comment       0x00000000       0x7a D:/Programs_x64/Freescale/CW MCU v10.5/MCU/ARM_GCC_Support/ewl/lib/armv6-m\libc.a(scanformat_.o)
 .comment       0x00000000       0x7a D:/Programs_x64/Freescale/CW MCU v10.5/MCU/ARM_GCC_Support/ewl/lib/armv6-m\libc.a(ctype_aeabi.o)
 .comment       0x00000000       0x7a D:/Programs_x64/Freescale/CW MCU v10.5/MCU/ARM_GCC_Support/ewl/lib/armv6-m\libc.a(__strtoul.o)
 .comment       0x00000000       0x7a D:/Programs_x64/Freescale/CW MCU v10.5/MCU/ARM_GCC_Support/ewl/lib/armv6-m\libc.a(__filll_mem.o)
 .comment       0x00000000       0x7a D:/Programs_x64/Freescale/CW MCU v10.5/MCU/ARM_GCC_Support/ewl/lib/armv6-m\libc.a(memchr.o)
 .comment       0x00000000       0x7a D:/Programs_x64/Freescale/CW MCU v10.5/MCU/ARM_GCC_Support/ewl/lib/armv6-m\libc.a(strchr.o)
 .comment       0x00000000       0x7a D:/Programs_x64/Freescale/CW MCU v10.5/MCU/ARM_GCC_Support/ewl/lib/armv6-m\libc.a(strlen.o)
 .comment       0x00000000       0x7a D:/Programs_x64/Freescale/CW MCU v10.5/MCU/ARM_GCC_Support/ewl/lib/armv6-m\librt.a(gcc_ctor_dtor.o)
 .comment       0x00000000       0x7a D:/Programs_x64/Freescale/CW MCU v10.5/MCU/ARM_GCC_Support/ewl/lib/armv6-m\librt.a(ROMCopy.o)
 .comment       0x00000000       0x7a D:/Programs_x64/Freescale/CW MCU v10.5/MCU/ARM_GCC_Support/ewl/lib/armv6-m\librt.a(__arm_eabi_init.o)

.debug_info     0x00000000     0x1c18
 .debug_info    0x00000000       0xe8 D:/Programs_x64/Freescale/CW MCU v10.5/MCU/ARM_GCC_Support/ewl/lib/armv6-m\libc.a(exit.o)
 .debug_info    0x000000e8      0x10f D:/Programs_x64/Freescale/CW MCU v10.5/MCU/ARM_GCC_Support/ewl/lib/armv6-m\libc.a(memcpy.o)
 .debug_info    0x000001f7       0xec D:/Programs_x64/Freescale/CW MCU v10.5/MCU/ARM_GCC_Support/ewl/lib/armv6-m\libc.a(memset.o)
 .debug_info    0x000002e3      0x50d D:/Programs_x64/Freescale/CW MCU v10.5/MCU/ARM_GCC_Support/ewl/lib/armv6-m\libc.a(printformat_.o)
 .debug_info    0x000007f0      0x568 D:/Programs_x64/Freescale/CW MCU v10.5/MCU/ARM_GCC_Support/ewl/lib/armv6-m\libc.a(scanformat_.o)
 .debug_info    0x00000d58      0x313 D:/Programs_x64/Freescale/CW MCU v10.5/MCU/ARM_GCC_Support/ewl/lib/armv6-m\libc.a(ctype_aeabi.o)
 .debug_info    0x0000106b      0x1d6 D:/Programs_x64/Freescale/CW MCU v10.5/MCU/ARM_GCC_Support/ewl/lib/armv6-m\libc.a(__strtoul.o)
 .debug_info    0x00001241      0x137 D:/Programs_x64/Freescale/CW MCU v10.5/MCU/ARM_GCC_Support/ewl/lib/armv6-m\libc.a(__filll_mem.o)
 .debug_info    0x00001378      0x121 D:/Programs_x64/Freescale/CW MCU v10.5/MCU/ARM_GCC_Support/ewl/lib/armv6-m\libc.a(memchr.o)
 .debug_info    0x00001499      0x10b D:/Programs_x64/Freescale/CW MCU v10.5/MCU/ARM_GCC_Support/ewl/lib/armv6-m\libc.a(strchr.o)
 .debug_info    0x000015a4       0xea D:/Programs_x64/Freescale/CW MCU v10.5/MCU/ARM_GCC_Support/ewl/lib/armv6-m\libc.a(strlen.o)
 .debug_info    0x0000168e      0x136 D:/Programs_x64/Freescale/CW MCU v10.5/MCU/ARM_GCC_Support/ewl/lib/armv6-m\librt.a(gcc_ctor_dtor.o)
 .debug_info    0x000017c4      0x19b D:/Programs_x64/Freescale/CW MCU v10.5/MCU/ARM_GCC_Support/ewl/lib/armv6-m\librt.a(ROMCopy.o)
 .debug_info    0x0000195f      0x2b9 D:/Programs_x64/Freescale/CW MCU v10.5/MCU/ARM_GCC_Support/ewl/lib/armv6-m\librt.a(__arm_eabi_init.o)

.debug_abbrev   0x00000000      0xc2e
 .debug_abbrev  0x00000000       0x7a D:/Programs_x64/Freescale/CW MCU v10.5/MCU/ARM_GCC_Support/ewl/lib/armv6-m\libc.a(exit.o)
 .debug_abbrev  0x0000007a       0x95 D:/Programs_x64/Freescale/CW MCU v10.5/MCU/ARM_GCC_Support/ewl/lib/armv6-m\libc.a(memcpy.o)
 .debug_abbrev  0x0000010f       0x62 D:/Programs_x64/Freescale/CW MCU v10.5/MCU/ARM_GCC_Support/ewl/lib/armv6-m\libc.a(memset.o)
 .debug_abbrev  0x00000171      0x200 D:/Programs_x64/Freescale/CW MCU v10.5/MCU/ARM_GCC_Support/ewl/lib/armv6-m\libc.a(printformat_.o)
 .debug_abbrev  0x00000371      0x1f0 D:/Programs_x64/Freescale/CW MCU v10.5/MCU/ARM_GCC_Support/ewl/lib/armv6-m\libc.a(scanformat_.o)
 .debug_abbrev  0x00000561       0x9e D:/Programs_x64/Freescale/CW MCU v10.5/MCU/ARM_GCC_Support/ewl/lib/armv6-m\libc.a(ctype_aeabi.o)
 .debug_abbrev  0x000005ff       0xc2 D:/Programs_x64/Freescale/CW MCU v10.5/MCU/ARM_GCC_Support/ewl/lib/armv6-m\libc.a(__strtoul.o)
 .debug_abbrev  0x000006c1       0x78 D:/Programs_x64/Freescale/CW MCU v10.5/MCU/ARM_GCC_Support/ewl/lib/armv6-m\libc.a(__filll_mem.o)
 .debug_abbrev  0x00000739       0x95 D:/Programs_x64/Freescale/CW MCU v10.5/MCU/ARM_GCC_Support/ewl/lib/armv6-m\libc.a(memchr.o)
 .debug_abbrev  0x000007ce       0x7a D:/Programs_x64/Freescale/CW MCU v10.5/MCU/ARM_GCC_Support/ewl/lib/armv6-m\libc.a(strchr.o)
 .debug_abbrev  0x00000848       0x7a D:/Programs_x64/Freescale/CW MCU v10.5/MCU/ARM_GCC_Support/ewl/lib/armv6-m\libc.a(strlen.o)
 .debug_abbrev  0x000008c2       0x99 D:/Programs_x64/Freescale/CW MCU v10.5/MCU/ARM_GCC_Support/ewl/lib/armv6-m\librt.a(gcc_ctor_dtor.o)
 .debug_abbrev  0x0000095b      0x120 D:/Programs_x64/Freescale/CW MCU v10.5/MCU/ARM_GCC_Support/ewl/lib/armv6-m\librt.a(ROMCopy.o)
 .debug_abbrev  0x00000a7b      0x1b3 D:/Programs_x64/Freescale/CW MCU v10.5/MCU/ARM_GCC_Support/ewl/lib/armv6-m\librt.a(__arm_eabi_init.o)

.debug_loc      0x00000000     0x26eb
 .debug_loc     0x00000000       0x3e D:/Programs_x64/Freescale/CW MCU v10.5/MCU/ARM_GCC_Support/ewl/lib/armv6-m\libc.a(exit.o)
 .debug_loc     0x0000003e       0x59 D:/Programs_x64/Freescale/CW MCU v10.5/MCU/ARM_GCC_Support/ewl/lib/armv6-m\libc.a(memcpy.o)
 .debug_loc     0x00000097       0x6f D:/Programs_x64/Freescale/CW MCU v10.5/MCU/ARM_GCC_Support/ewl/lib/armv6-m\libc.a(memset.o)
 .debug_loc     0x00000106     0x104b D:/Programs_x64/Freescale/CW MCU v10.5/MCU/ARM_GCC_Support/ewl/lib/armv6-m\libc.a(printformat_.o)
 .debug_loc     0x00001151      0x9d8 D:/Programs_x64/Freescale/CW MCU v10.5/MCU/ARM_GCC_Support/ewl/lib/armv6-m\libc.a(scanformat_.o)
 .debug_loc     0x00001b29      0x30d D:/Programs_x64/Freescale/CW MCU v10.5/MCU/ARM_GCC_Support/ewl/lib/armv6-m\libc.a(ctype_aeabi.o)
 .debug_loc     0x00001e36      0x305 D:/Programs_x64/Freescale/CW MCU v10.5/MCU/ARM_GCC_Support/ewl/lib/armv6-m\libc.a(__strtoul.o)
 .debug_loc     0x0000213b      0x14a D:/Programs_x64/Freescale/CW MCU v10.5/MCU/ARM_GCC_Support/ewl/lib/armv6-m\libc.a(__filll_mem.o)
 .debug_loc     0x00002285       0x77 D:/Programs_x64/Freescale/CW MCU v10.5/MCU/ARM_GCC_Support/ewl/lib/armv6-m\libc.a(memchr.o)
 .debug_loc     0x000022fc       0xaf D:/Programs_x64/Freescale/CW MCU v10.5/MCU/ARM_GCC_Support/ewl/lib/armv6-m\libc.a(strchr.o)
 .debug_loc     0x000023ab       0x33 D:/Programs_x64/Freescale/CW MCU v10.5/MCU/ARM_GCC_Support/ewl/lib/armv6-m\libc.a(strlen.o)
 .debug_loc     0x000023de       0x9d D:/Programs_x64/Freescale/CW MCU v10.5/MCU/ARM_GCC_Support/ewl/lib/armv6-m\librt.a(gcc_ctor_dtor.o)
 .debug_loc     0x0000247b       0xd9 D:/Programs_x64/Freescale/CW MCU v10.5/MCU/ARM_GCC_Support/ewl/lib/armv6-m\librt.a(ROMCopy.o)
 .debug_loc     0x00002554      0x197 D:/Programs_x64/Freescale/CW MCU v10.5/MCU/ARM_GCC_Support/ewl/lib/armv6-m\librt.a(__arm_eabi_init.o)

.debug_aranges  0x00000000      0x280
 .debug_aranges
                0x00000000       0x20 D:/Programs_x64/Freescale/CW MCU v10.5/MCU/ARM_GCC_Support/ewl/lib/armv6-m\libc.a(exit.o)
 .debug_aranges
                0x00000020       0x20 D:/Programs_x64/Freescale/CW MCU v10.5/MCU/ARM_GCC_Support/ewl/lib/armv6-m\libc.a(memcpy.o)
 .debug_aranges
                0x00000040       0x20 D:/Programs_x64/Freescale/CW MCU v10.5/MCU/ARM_GCC_Support/ewl/lib/armv6-m\libc.a(memset.o)
 .debug_aranges
                0x00000060       0x28 D:/Programs_x64/Freescale/CW MCU v10.5/MCU/ARM_GCC_Support/ewl/lib/armv6-m\libc.a(printformat_.o)
 .debug_aranges
                0x00000088       0x20 D:/Programs_x64/Freescale/CW MCU v10.5/MCU/ARM_GCC_Support/ewl/lib/armv6-m\libc.a(scanformat_.o)
 .debug_aranges
                0x000000a8       0x88 D:/Programs_x64/Freescale/CW MCU v10.5/MCU/ARM_GCC_Support/ewl/lib/armv6-m\libc.a(ctype_aeabi.o)
 .debug_aranges
                0x00000130       0x20 D:/Programs_x64/Freescale/CW MCU v10.5/MCU/ARM_GCC_Support/ewl/lib/armv6-m\libc.a(__strtoul.o)
 .debug_aranges
                0x00000150       0x20 D:/Programs_x64/Freescale/CW MCU v10.5/MCU/ARM_GCC_Support/ewl/lib/armv6-m\libc.a(__filll_mem.o)
 .debug_aranges
                0x00000170       0x20 D:/Programs_x64/Freescale/CW MCU v10.5/MCU/ARM_GCC_Support/ewl/lib/armv6-m\libc.a(memchr.o)
 .debug_aranges
                0x00000190       0x20 D:/Programs_x64/Freescale/CW MCU v10.5/MCU/ARM_GCC_Support/ewl/lib/armv6-m\libc.a(strchr.o)
 .debug_aranges
                0x000001b0       0x20 D:/Programs_x64/Freescale/CW MCU v10.5/MCU/ARM_GCC_Support/ewl/lib/armv6-m\libc.a(strlen.o)
 .debug_aranges
                0x000001d0       0x28 D:/Programs_x64/Freescale/CW MCU v10.5/MCU/ARM_GCC_Support/ewl/lib/armv6-m\librt.a(gcc_ctor_dtor.o)
 .debug_aranges
                0x000001f8       0x30 D:/Programs_x64/Freescale/CW MCU v10.5/MCU/ARM_GCC_Support/ewl/lib/armv6-m\librt.a(ROMCopy.o)
 .debug_aranges
                0x00000228       0x58 D:/Programs_x64/Freescale/CW MCU v10.5/MCU/ARM_GCC_Support/ewl/lib/armv6-m\librt.a(__arm_eabi_init.o)

.debug_line     0x00000000      0xedc
 .debug_line    0x00000000       0x8d D:/Programs_x64/Freescale/CW MCU v10.5/MCU/ARM_GCC_Support/ewl/lib/armv6-m\libc.a(exit.o)
 .debug_line    0x0000008d       0x8b D:/Programs_x64/Freescale/CW MCU v10.5/MCU/ARM_GCC_Support/ewl/lib/armv6-m\libc.a(memcpy.o)
 .debug_line    0x00000118       0x90 D:/Programs_x64/Freescale/CW MCU v10.5/MCU/ARM_GCC_Support/ewl/lib/armv6-m\libc.a(memset.o)
 .debug_line    0x000001a8      0x2c3 D:/Programs_x64/Freescale/CW MCU v10.5/MCU/ARM_GCC_Support/ewl/lib/armv6-m\libc.a(printformat_.o)
 .debug_line    0x0000046b      0x2be D:/Programs_x64/Freescale/CW MCU v10.5/MCU/ARM_GCC_Support/ewl/lib/armv6-m\libc.a(scanformat_.o)
 .debug_line    0x00000729      0x1be D:/Programs_x64/Freescale/CW MCU v10.5/MCU/ARM_GCC_Support/ewl/lib/armv6-m\libc.a(ctype_aeabi.o)
 .debug_line    0x000008e7      0x11e D:/Programs_x64/Freescale/CW MCU v10.5/MCU/ARM_GCC_Support/ewl/lib/armv6-m\libc.a(__strtoul.o)
 .debug_line    0x00000a05       0xf6 D:/Programs_x64/Freescale/CW MCU v10.5/MCU/ARM_GCC_Support/ewl/lib/armv6-m\libc.a(__filll_mem.o)
 .debug_line    0x00000afb       0x9f D:/Programs_x64/Freescale/CW MCU v10.5/MCU/ARM_GCC_Support/ewl/lib/armv6-m\libc.a(memchr.o)
 .debug_line    0x00000b9a       0x7d D:/Programs_x64/Freescale/CW MCU v10.5/MCU/ARM_GCC_Support/ewl/lib/armv6-m\libc.a(strchr.o)
 .debug_line    0x00000c17       0x85 D:/Programs_x64/Freescale/CW MCU v10.5/MCU/ARM_GCC_Support/ewl/lib/armv6-m\libc.a(strlen.o)
 .debug_line    0x00000c9c       0x6c D:/Programs_x64/Freescale/CW MCU v10.5/MCU/ARM_GCC_Support/ewl/lib/armv6-m\librt.a(gcc_ctor_dtor.o)
 .debug_line    0x00000d08       0xbd D:/Programs_x64/Freescale/CW MCU v10.5/MCU/ARM_GCC_Support/ewl/lib/armv6-m\librt.a(ROMCopy.o)
 .debug_line    0x00000dc5      0x117 D:/Programs_x64/Freescale/CW MCU v10.5/MCU/ARM_GCC_Support/ewl/lib/armv6-m\librt.a(__arm_eabi_init.o)

.debug_str      0x00000000      0x972
 .debug_str     0x00000000      0x10c D:/Programs_x64/Freescale/CW MCU v10.5/MCU/ARM_GCC_Support/ewl/lib/armv6-m\libc.a(exit.o)
                                0x157 (size before relaxing)
 .debug_str     0x0000010c       0x23 D:/Programs_x64/Freescale/CW MCU v10.5/MCU/ARM_GCC_Support/ewl/lib/armv6-m\libc.a(memcpy.o)
                                0x138 (size before relaxing)
 .debug_str     0x0000012f       0x25 D:/Programs_x64/Freescale/CW MCU v10.5/MCU/ARM_GCC_Support/ewl/lib/armv6-m\libc.a(memset.o)
                                0x140 (size before relaxing)
 .debug_str     0x00000154      0x24b D:/Programs_x64/Freescale/CW MCU v10.5/MCU/ARM_GCC_Support/ewl/lib/armv6-m\libc.a(printformat_.o)
                                0x3b3 (size before relaxing)
 .debug_str     0x0000039f      0x184 D:/Programs_x64/Freescale/CW MCU v10.5/MCU/ARM_GCC_Support/ewl/lib/armv6-m\libc.a(scanformat_.o)
                                0x3f9 (size before relaxing)
 .debug_str     0x00000523       0x9d D:/Programs_x64/Freescale/CW MCU v10.5/MCU/ARM_GCC_Support/ewl/lib/armv6-m\libc.a(ctype_aeabi.o)
                                0x1bc (size before relaxing)
 .debug_str     0x000005c0       0x61 D:/Programs_x64/Freescale/CW MCU v10.5/MCU/ARM_GCC_Support/ewl/lib/armv6-m\libc.a(__strtoul.o)
                                0x1fb (size before relaxing)
 .debug_str     0x00000621       0x25 D:/Programs_x64/Freescale/CW MCU v10.5/MCU/ARM_GCC_Support/ewl/lib/armv6-m\libc.a(__filll_mem.o)
                                0x152 (size before relaxing)
 .debug_str     0x00000646       0x1c D:/Programs_x64/Freescale/CW MCU v10.5/MCU/ARM_GCC_Support/ewl/lib/armv6-m\libc.a(memchr.o)
                                0x148 (size before relaxing)
 .debug_str     0x00000662       0x1c D:/Programs_x64/Freescale/CW MCU v10.5/MCU/ARM_GCC_Support/ewl/lib/armv6-m\libc.a(strchr.o)
                                0x137 (size before relaxing)
 .debug_str     0x0000067e       0x1c D:/Programs_x64/Freescale/CW MCU v10.5/MCU/ARM_GCC_Support/ewl/lib/armv6-m\libc.a(strlen.o)
                                0x140 (size before relaxing)
 .debug_str     0x0000069a      0x126 D:/Programs_x64/Freescale/CW MCU v10.5/MCU/ARM_GCC_Support/ewl/lib/armv6-m\librt.a(gcc_ctor_dtor.o)
                                0x181 (size before relaxing)
 .debug_str     0x000007c0       0xaa D:/Programs_x64/Freescale/CW MCU v10.5/MCU/ARM_GCC_Support/ewl/lib/armv6-m\librt.a(ROMCopy.o)
                                0x13c (size before relaxing)
 .debug_str     0x0000086a      0x108 D:/Programs_x64/Freescale/CW MCU v10.5/MCU/ARM_GCC_Support/ewl/lib/armv6-m\librt.a(__arm_eabi_init.o)
                                0x1b5 (size before relaxing)

.debug_frame    0x00000000      0x4a0
 .debug_frame   0x00000000       0x2c D:/Programs_x64/Freescale/CW MCU v10.5/MCU/ARM_GCC_Support/ewl/lib/armv6-m\libc.a(exit.o)
 .debug_frame   0x0000002c       0x28 D:/Programs_x64/Freescale/CW MCU v10.5/MCU/ARM_GCC_Support/ewl/lib/armv6-m\libc.a(memcpy.o)
 .debug_frame   0x00000054       0x28 D:/Programs_x64/Freescale/CW MCU v10.5/MCU/ARM_GCC_Support/ewl/lib/armv6-m\libc.a(memset.o)
 .debug_frame   0x0000007c       0x54 D:/Programs_x64/Freescale/CW MCU v10.5/MCU/ARM_GCC_Support/ewl/lib/armv6-m\libc.a(printformat_.o)
 .debug_frame   0x000000d0       0x34 D:/Programs_x64/Freescale/CW MCU v10.5/MCU/ARM_GCC_Support/ewl/lib/armv6-m\libc.a(scanformat_.o)
 .debug_frame   0x00000104      0x158 D:/Programs_x64/Freescale/CW MCU v10.5/MCU/ARM_GCC_Support/ewl/lib/armv6-m\libc.a(ctype_aeabi.o)
 .debug_frame   0x0000025c       0x30 D:/Programs_x64/Freescale/CW MCU v10.5/MCU/ARM_GCC_Support/ewl/lib/armv6-m\libc.a(__strtoul.o)
 .debug_frame   0x0000028c       0x2c D:/Programs_x64/Freescale/CW MCU v10.5/MCU/ARM_GCC_Support/ewl/lib/armv6-m\libc.a(__filll_mem.o)
 .debug_frame   0x000002b8       0x28 D:/Programs_x64/Freescale/CW MCU v10.5/MCU/ARM_GCC_Support/ewl/lib/armv6-m\libc.a(memchr.o)
 .debug_frame   0x000002e0       0x28 D:/Programs_x64/Freescale/CW MCU v10.5/MCU/ARM_GCC_Support/ewl/lib/armv6-m\libc.a(strchr.o)
 .debug_frame   0x00000308       0x28 D:/Programs_x64/Freescale/CW MCU v10.5/MCU/ARM_GCC_Support/ewl/lib/armv6-m\libc.a(strlen.o)
 .debug_frame   0x00000330       0x20 d:/programs_x64/freescale/cw mcu v10.5/cross_tools/arm-none-eabi-gcc-4_7_3/bin/../lib/gcc/arm-none-eabi/4.7.3/armv6-m\libgcc.a(_udivsi3.o)
 .debug_frame   0x00000350       0x40 D:/Programs_x64/Freescale/CW MCU v10.5/MCU/ARM_GCC_Support/ewl/lib/armv6-m\librt.a(gcc_ctor_dtor.o)
 .debug_frame   0x00000390       0x54 D:/Programs_x64/Freescale/CW MCU v10.5/MCU/ARM_GCC_Support/ewl/lib/armv6-m\librt.a(ROMCopy.o)
 .debug_frame   0x000003e4       0xbc D:/Programs_x64/Freescale/CW MCU v10.5/MCU/ARM_GCC_Support/ewl/lib/armv6-m\librt.a(__arm_eabi_init.o)
